// Jest Snapshot v1, https://goo.gl/fbAQLP

exports[`BrowseStep renders and match snapshot 1`] = `
.c84 {
  border: 0;
  -webkit-clip: rect(0 0 0 0);
  clip: rect(0 0 0 0);
  height: 1px;
  margin: -1px;
  overflow: hidden;
  padding: 0;
  position: absolute;
  width: 1px;
}

.c45 {
  position: relative;
  overflow: hidden;
  max-width: 100%;
}

.c50 {
  max-width: 100%;
}

.c61 {
  padding-top: 16px;
}

.c0 {
  -webkit-align-items: flex-start;
  -webkit-box-align: flex-start;
  -ms-flex-align: flex-start;
  align-items: flex-start;
  display: -webkit-box;
  display: -webkit-flex;
  display: -ms-flexbox;
  display: flex;
  -webkit-flex-direction: row;
  -ms-flex-direction: row;
  flex-direction: row;
  -webkit-box-pack: justify;
  -webkit-justify-content: space-between;
  -ms-flex-pack: justify;
  justify-content: space-between;
}

.c1 {
  -webkit-align-items: center;
  -webkit-box-align: center;
  -ms-flex-align: center;
  align-items: center;
  display: -webkit-box;
  display: -webkit-flex;
  display: -ms-flexbox;
  display: flex;
  -webkit-flex-direction: row;
  -ms-flex-direction: row;
  flex-direction: row;
  -webkit-flex-wrap: wrap;
  -ms-flex-wrap: wrap;
  flex-wrap: wrap;
}

.c17 {
  -webkit-align-items: center;
  -webkit-box-align: center;
  -ms-flex-align: center;
  align-items: center;
  display: -webkit-box;
  display: -webkit-flex;
  display: -ms-flexbox;
  display: flex;
  -webkit-flex-direction: row;
  -ms-flex-direction: row;
  flex-direction: row;
}

.c46 {
  -webkit-align-items: flex-start;
  -webkit-box-align: flex-start;
  -ms-flex-align: flex-start;
  align-items: flex-start;
  display: -webkit-box;
  display: -webkit-flex;
  display: -ms-flexbox;
  display: flex;
  -webkit-flex-direction: column;
  -ms-flex-direction: column;
  flex-direction: column;
}

.c51 {
  -webkit-align-items: start;
  -webkit-box-align: start;
  -ms-flex-align: start;
  align-items: start;
  display: -webkit-box;
  display: -webkit-flex;
  display: -ms-flexbox;
  display: flex;
  -webkit-flex-direction: column;
  -ms-flex-direction: column;
  flex-direction: column;
}

.c62 {
  -webkit-align-items: center;
  -webkit-box-align: center;
  -ms-flex-align: center;
  align-items: center;
  display: -webkit-box;
  display: -webkit-flex;
  display: -ms-flexbox;
  display: flex;
  -webkit-flex-direction: row;
  -ms-flex-direction: row;
  flex-direction: row;
  -webkit-box-pack: justify;
  -webkit-justify-content: space-between;
  -ms-flex-pack: justify;
  justify-content: space-between;
}

.c40 {
  background: #ffffff;
  padding: 12px;
  border-radius: 4px;
  border-style: solid;
  border-width: 1px;
  border-color: #eaeaef;
  box-shadow: 0px 1px 4px rgba(33,33,52,0.1);
  cursor: pointer;
  cursor: pointer;
}

.c41 {
  -webkit-align-items: center;
  -webkit-box-align: center;
  -ms-flex-align: center;
  align-items: center;
  display: -webkit-box;
  display: -webkit-flex;
  display: -ms-flexbox;
  display: flex;
  -webkit-flex-direction: row;
  -ms-flex-direction: row;
  flex-direction: row;
}

.c42 > * {
  margin-left: 0;
  margin-right: 0;
}

.c42 > * + * {
  margin-left: 8px;
}

.c35 {
  font-weight: 500;
  color: #32324d;
  font-weight: 500;
  font-size: 1rem;
  line-height: 1.25;
}

.c52 {
  font-weight: 500;
  color: #32324d;
  display: block;
  white-space: nowrap;
  overflow: hidden;
  text-overflow: ellipsis;
  font-size: 0.875rem;
  line-height: 1.43;
}

.c55 {
  color: #666687;
  display: block;
  white-space: nowrap;
  overflow: hidden;
  text-overflow: ellipsis;
  font-size: 0.75rem;
  line-height: 1.33;
}

.c76 {
  color: #666687;
  font-size: 0.875rem;
  line-height: 1.43;
}

.c82 {
  font-weight: 600;
  color: #32324d;
  font-size: 0.75rem;
  line-height: 1.33;
}

.c16 {
  font-weight: 600;
  color: #32324d;
  font-size: 0.75rem;
  line-height: 1.33;
}

.c13 {
  padding-right: 8px;
}

.c10 {
  display: -webkit-box;
  display: -webkit-flex;
  display: -ms-flexbox;
  display: flex;
  cursor: pointer;
  padding: 8px;
  border-radius: 4px;
  background: #ffffff;
  border: 1px solid #dcdce4;
  position: relative;
  outline: none;
}

.c10 svg {
  height: 12px;
  width: 12px;
}

.c10 svg > g,
.c10 svg path {
  fill: #ffffff;
}

.c10[aria-disabled='true'] {
  pointer-events: none;
}

.c10:after {
  -webkit-transition-property: all;
  transition-property: all;
  -webkit-transition-duration: 0.2s;
  transition-duration: 0.2s;
  border-radius: 8px;
  content: '';
  position: absolute;
  top: -4px;
  bottom: -4px;
  left: -4px;
  right: -4px;
  border: 2px solid transparent;
}

.c10:focus-visible {
  outline: none;
}

.c10:focus-visible:after {
  border-radius: 8px;
  content: '';
  position: absolute;
  top: -5px;
  bottom: -5px;
  left: -5px;
  right: -5px;
  border: 2px solid #4945ff;
}

.c14 {
  height: 100%;
}

.c11 {
  -webkit-align-items: center;
  -webkit-box-align: center;
  -ms-flex-align: center;
  align-items: center;
  padding: 8px 16px;
  background: #4945ff;
  border: 1px solid #4945ff;
  border: 1px solid #dcdce4;
  background: #ffffff;
}

.c11 .c12 {
  display: -webkit-box;
  display: -webkit-flex;
  display: -ms-flexbox;
  display: flex;
  -webkit-align-items: center;
  -webkit-box-align: center;
  -ms-flex-align: center;
  align-items: center;
}

.c11 .c15 {
  color: #ffffff;
}

.c11[aria-disabled='true'] {
  border: 1px solid #dcdce4;
  background: #eaeaef;
}

.c11[aria-disabled='true'] .c15 {
  color: #666687;
}

.c11[aria-disabled='true'] svg > g,
.c11[aria-disabled='true'] svg path {
  fill: #666687;
}

.c11[aria-disabled='true']:active {
  border: 1px solid #dcdce4;
  background: #eaeaef;
}

.c11[aria-disabled='true']:active .c15 {
  color: #666687;
}

.c11[aria-disabled='true']:active svg > g,
.c11[aria-disabled='true']:active svg path {
  fill: #666687;
}

.c11:hover {
  background-color: #f6f6f9;
}

.c11:active {
  background-color: #eaeaef;
}

.c11 .c15 {
  color: #32324d;
}

.c11 svg > g,
.c11 svg path {
  fill: #32324d;
}

.c20 {
  padding-top: 4px;
  padding-bottom: 4px;
}

.c25 {
  padding-top: 12px;
}

.c34 {
  padding-top: 8px;
  padding-bottom: 8px;
}

.c38 {
  position: relative;
}

.c43 {
  background: #eaf5ff;
  color: #66b7f1;
  padding-top: 8px;
  padding-right: 12px;
  padding-bottom: 8px;
  padding-left: 12px;
  border-radius: 4px;
}

.c48 {
  padding: 4px;
  max-width: 100%;
}

.c75 {
  padding-left: 8px;
}

.c24 {
  border: 0;
  -webkit-clip: rect(0 0 0 0);
  clip: rect(0 0 0 0);
  height: 1px;
  margin: -1px;
  overflow: hidden;
  padding: 0;
  position: absolute;
  width: 1px;
}

.c22 {
  display: -webkit-box;
  display: -webkit-flex;
  display: -ms-flexbox;
  display: flex;
  cursor: pointer;
  padding: 8px;
  border-radius: 4px;
  background: #ffffff;
  border: 1px solid #dcdce4;
  position: relative;
  outline: none;
}

.c22 svg {
  height: 12px;
  width: 12px;
}

.c22 svg > g,
.c22 svg path {
  fill: #ffffff;
}

.c22[aria-disabled='true'] {
  pointer-events: none;
}

.c22:after {
  -webkit-transition-property: all;
  transition-property: all;
  -webkit-transition-duration: 0.2s;
  transition-duration: 0.2s;
  border-radius: 8px;
  content: '';
  position: absolute;
  top: -4px;
  bottom: -4px;
  left: -4px;
  right: -4px;
  border: 2px solid transparent;
}

.c22:focus-visible {
  outline: none;
}

.c22:focus-visible:after {
  border-radius: 8px;
  content: '';
  position: absolute;
  top: -5px;
  bottom: -5px;
  left: -5px;
  right: -5px;
  border: 2px solid #4945ff;
}

.c23 {
  display: -webkit-box;
  display: -webkit-flex;
  display: -ms-flexbox;
  display: flex;
  -webkit-align-items: center;
  -webkit-box-align: center;
  -ms-flex-align: center;
  align-items: center;
  -webkit-box-pack: center;
  -webkit-justify-content: center;
  -ms-flex-pack: center;
  justify-content: center;
  height: 2rem;
  width: 2rem;
}

.c23 svg > g,
.c23 svg path {
  fill: #8e8ea9;
}

.c23:hover svg > g,
.c23:hover svg path {
  fill: #666687;
}

.c23:active svg > g,
.c23:active svg path {
  fill: #a5a5ba;
}

.c23[aria-disabled='true'] {
  background-color: #eaeaef;
}

.c23[aria-disabled='true'] svg path {
  fill: #666687;
}

.c54 {
  border: 0;
  -webkit-clip: rect(0 0 0 0);
  clip: rect(0 0 0 0);
  height: 1px;
  margin: -1px;
  overflow: hidden;
  padding: 0;
  position: absolute;
  width: 1px;
}

.c67 {
  position: absolute;
  left: 0;
  right: 0;
  bottom: 0;
  top: 0;
  width: 100%;
  background: transparent;
  border: none;
}

.c67:focus {
  outline: none;
}

.c67[aria-disabled='true'] {
  cursor: not-allowed;
}

.c70 {
  padding-right: 16px;
  padding-left: 16px;
}

.c72 {
  padding-left: 12px;
}

.c63 {
  -webkit-align-items: stretch;
  -webkit-box-align: stretch;
  -ms-flex-align: stretch;
  align-items: stretch;
  display: -webkit-box;
  display: -webkit-flex;
  display: -ms-flexbox;
  display: flex;
  -webkit-flex-direction: column;
  -ms-flex-direction: column;
  flex-direction: column;
}

.c65 {
  -webkit-align-items: center;
  -webkit-box-align: center;
  -ms-flex-align: center;
  align-items: center;
  display: -webkit-box;
  display: -webkit-flex;
  display: -ms-flexbox;
  display: flex;
  -webkit-flex-direction: row;
  -ms-flex-direction: row;
  flex-direction: row;
}

.c68 {
  -webkit-align-items: center;
  -webkit-box-align: center;
  -ms-flex-align: center;
  align-items: center;
  display: -webkit-box;
  display: -webkit-flex;
  display: -ms-flexbox;
  display: flex;
  -webkit-flex-direction: row;
  -ms-flex-direction: row;
  flex-direction: row;
  -webkit-box-pack: justify;
  -webkit-justify-content: space-between;
  -ms-flex-pack: justify;
  justify-content: space-between;
}

.c71 {
  color: #32324d;
  display: block;
  white-space: nowrap;
  overflow: hidden;
  text-overflow: ellipsis;
  font-size: 0.875rem;
  line-height: 1.43;
}

.c64 > * {
  margin-top: 0;
  margin-bottom: 0;
}

.c66 {
  position: relative;
  border: 1px solid #dcdce4;
  padding-right: 12px;
  border-radius: 4px;
  background: #ffffff;
  overflow: hidden;
  min-height: 2rem;
  outline: none;
  box-shadow: 0;
  -webkit-transition-property: border-color,box-shadow,fill;
  transition-property: border-color,box-shadow,fill;
  -webkit-transition-duration: 0.2s;
  transition-duration: 0.2s;
}

.c66:focus-within {
  border: 1px solid #4945ff;
  box-shadow: #4945ff 0px 0px 0px 2px;
}

.c73 {
  background: transparent;
  border: none;
  position: relative;
  z-index: 1;
}

.c73 svg {
  height: 0.6875rem;
  width: 0.6875rem;
}

.c73 svg path {
  fill: #666687;
}

.c74 {
  display: -webkit-box;
  display: -webkit-flex;
  display: -ms-flexbox;
  display: flex;
  background: none;
  border: none;
}

.c74 svg {
  width: 0.375rem;
}

.c69 {
  width: 100%;
}

.c36 {
  display: grid;
  grid-template-columns: repeat(12,1fr);
  gap: 16px;
}

.c37 {
  grid-column: span 3;
  max-width: 100%;
}

.c57 {
  right: 16px;
}

.c58 {
  -webkit-align-items: center;
  -webkit-box-align: center;
  -ms-flex-align: center;
  align-items: center;
  display: -webkit-box;
  display: -webkit-flex;
  display: -ms-flexbox;
  display: flex;
  -webkit-flex-direction: row;
  -ms-flex-direction: row;
  flex-direction: row;
}

.c59 > * {
  margin-left: 0;
  margin-right: 0;
}

.c59 > * + * {
  margin-left: 8px;
}

.c60 {
  position: absolute;
  top: 12px;
}

.c29 {
  padding-top: 4px;
  padding-right: 8px;
  padding-bottom: 4px;
  padding-left: 8px;
}

.c31 {
  padding-right: 4px;
  padding-left: 4px;
}

.c30 {
  color: #32324d;
  font-size: 0.75rem;
  line-height: 1.33;
}

.c32 {
  color: #8e8ea9;
  font-size: 0.75rem;
  line-height: 1.33;
}

.c26 {
  -webkit-align-items: center;
  -webkit-box-align: center;
  -ms-flex-align: center;
  align-items: center;
  display: -webkit-box;
  display: -webkit-flex;
  display: -ms-flexbox;
  display: flex;
  -webkit-flex-direction: row;
  -ms-flex-direction: row;
  flex-direction: row;
}

.c28 {
  -webkit-align-items: center;
  -webkit-box-align: center;
  -ms-flex-align: center;
  align-items: center;
  display: -webkit-inline-box;
  display: -webkit-inline-flex;
  display: -ms-inline-flexbox;
  display: inline-flex;
  -webkit-flex-direction: row;
  -ms-flex-direction: row;
  flex-direction: row;
}

.c27:first-child {
  margin-left: calc(-1*8px);
}

.c33 {
  border-radius: 4px;
  color: #666687;
  font-size: 0.75rem;
  line-height: 1.43;
  padding: 4px 8px;
  -webkit-text-decoration: none;
  text-decoration: none;
}

.c33:hover,
.c33:focus {
  background-color: #dcdce4;
  color: #4a4a6a;
}

.c6 {
  font-weight: 600;
  color: #32324d;
  font-size: 0.75rem;
  line-height: 1.33;
}

.c8 {
  padding-left: 8px;
}

.c3 {
  display: -webkit-box;
  display: -webkit-flex;
  display: -ms-flexbox;
  display: flex;
  cursor: pointer;
  padding: 8px;
  border-radius: 4px;
  background: #ffffff;
  border: 1px solid #dcdce4;
  position: relative;
  outline: none;
}

.c3 svg {
  height: 12px;
  width: 12px;
}

.c3 svg > g,
.c3 svg path {
  fill: #ffffff;
}

.c3[aria-disabled='true'] {
  pointer-events: none;
}

.c3:after {
  -webkit-transition-property: all;
  transition-property: all;
  -webkit-transition-duration: 0.2s;
  transition-duration: 0.2s;
  border-radius: 8px;
  content: '';
  position: absolute;
  top: -4px;
  bottom: -4px;
  left: -4px;
  right: -4px;
  border: 2px solid transparent;
}

.c3:focus-visible {
  outline: none;
}

.c3:focus-visible:after {
  border-radius: 8px;
  content: '';
  position: absolute;
  top: -5px;
  bottom: -5px;
  left: -5px;
  right: -5px;
  border: 2px solid #4945ff;
}

.c4 {
  -webkit-align-items: center;
  -webkit-box-align: center;
  -ms-flex-align: center;
  align-items: center;
  padding: 8px 16px;
  background: #4945ff;
  border: 1px solid #4945ff;
  border: 1px solid #dcdce4;
  background: #ffffff;
}

.c4 .c7 {
  display: -webkit-box;
  display: -webkit-flex;
  display: -ms-flexbox;
  display: flex;
  -webkit-align-items: center;
  -webkit-box-align: center;
  -ms-flex-align: center;
  align-items: center;
}

.c4 .c5 {
  color: #ffffff;
}

.c4[aria-disabled='true'] {
  border: 1px solid #dcdce4;
  background: #eaeaef;
}

.c4[aria-disabled='true'] .c5 {
  color: #666687;
}

.c4[aria-disabled='true'] svg > g,
.c4[aria-disabled='true'] svg path {
  fill: #666687;
}

.c4[aria-disabled='true']:active {
  border: 1px solid #dcdce4;
  background: #eaeaef;
}

.c4[aria-disabled='true']:active .c5 {
  color: #666687;
}

.c4[aria-disabled='true']:active svg > g,
.c4[aria-disabled='true']:active svg path {
  fill: #666687;
}

.c4:hover {
  background-color: #f6f6f9;
}

.c4:active {
  background-color: #eaeaef;
}

.c4 .c5 {
  color: #32324d;
}

.c4 svg > g,
.c4 svg path {
  fill: #32324d;
}

.c9 {
  display: -webkit-box;
  display: -webkit-flex;
  display: -ms-flexbox;
  display: flex;
  -webkit-align-items: center;
  -webkit-box-align: center;
  -ms-flex-align: center;
  align-items: center;
}

.c9 svg {
  height: 4px;
  width: 6px;
}

.c39 {
  height: 100%;
  left: 0;
  position: absolute;
  opacity: 0;
  top: 0;
  width: 100%;
}

.c39:hover,
.c39:focus {
  -webkit-text-decoration: none;
  text-decoration: none;
}

.c44 path {
  fill: currentColor;
}

.c56 {
  display: none;
}

.c47 {
  -webkit-user-select: none;
  -moz-user-select: none;
  -ms-user-select: none;
  user-select: none;
}

.c49:focus {
  outline: 2px solid #4945ff;
  outline-offset: -2px;
}

.c77 > * + * {
  margin-left: 4px;
}

.c83 {
  line-height: revert;
}

.c78 {
  padding: 12px;
  border-radius: 4px;
  -webkit-text-decoration: none;
  text-decoration: none;
  display: -webkit-box;
  display: -webkit-flex;
  display: -ms-flexbox;
  display: flex;
  position: relative;
  outline: none;
}

.c78:after {
  -webkit-transition-property: all;
  transition-property: all;
  -webkit-transition-duration: 0.2s;
  transition-duration: 0.2s;
  border-radius: 8px;
  content: '';
  position: absolute;
  top: -4px;
  bottom: -4px;
  left: -4px;
  right: -4px;
  border: 2px solid transparent;
}

.c78:focus-visible {
  outline: none;
}

.c78:focus-visible:after {
  border-radius: 8px;
  content: '';
  position: absolute;
  top: -5px;
  bottom: -5px;
  left: -5px;
  right: -5px;
  border: 2px solid #4945ff;
}

.c80 {
  padding: 12px;
  border-radius: 4px;
  box-shadow: 0px 1px 4px rgba(33,33,52,0.1);
  -webkit-text-decoration: none;
  text-decoration: none;
  display: -webkit-box;
  display: -webkit-flex;
  display: -ms-flexbox;
  display: flex;
  position: relative;
  outline: none;
}

.c80:after {
  -webkit-transition-property: all;
  transition-property: all;
  -webkit-transition-duration: 0.2s;
  transition-duration: 0.2s;
  border-radius: 8px;
  content: '';
  position: absolute;
  top: -4px;
  bottom: -4px;
  left: -4px;
  right: -4px;
  border: 2px solid transparent;
}

.c80:focus-visible {
  outline: none;
}

.c80:focus-visible:after {
  border-radius: 8px;
  content: '';
  position: absolute;
  top: -5px;
  bottom: -5px;
  left: -5px;
  right: -5px;
  border: 2px solid #4945ff;
}

.c81 {
  color: #271fe0;
  background: #ffffff;
}

.c81:hover {
  box-shadow: 0px 1px 4px rgba(33,33,52,0.1);
}

.c79 {
  font-size: 0.7rem;
  pointer-events: none;
}

.c79 svg path {
  fill: #c0c0cf;
}

.c79:focus svg path,
.c79:hover svg path {
  fill: #c0c0cf;
}

.c2 > * + * {
  margin-left: 8px;
}

.c18 {
  margin-left: auto;
}

.c18 > * + * {
  margin-left: 8px;
}

.c19 {
  -webkit-flex-shrink: 0;
  -ms-flex-negative: 0;
  flex-shrink: 0;
}

.c53 {
  max-width: 100%;
}

.c21 svg path {
  fill: #212134;
}

@media (max-width:68.75rem) {
  .c37 {
    grid-column: span;
  }
}

@media (max-width:34.375rem) {
  .c37 {
    grid-column: span;
  }
}

<div>
  <div
    class=""
  >
    <div
      class=""
    >
      <div
        class="c0"
      >
        <div
          class="c1 c2"
          wrap="wrap"
        >
          <div>
            <button
              aria-controls="simplemenu-1"
              aria-disabled="false"
              aria-expanded="false"
              aria-haspopup="true"
              class="c3 c4"
              label="Sort by"
              type="button"
            >
              <span
                class="c5 c6"
              >
                Sort by
              </span>
              <div
                aria-hidden="true"
                class="c7 c8"
              >
                <span
                  class="c9"
                >
                  <svg
                    aria-hidden="true"
                    fill="none"
                    height="1em"
                    viewBox="0 0 14 8"
                    width="1em"
                    xmlns="http://www.w3.org/2000/svg"
                  >
                    <path
                      clip-rule="evenodd"
                      d="M14 .889a.86.86 0 01-.26.625L7.615 7.736A.834.834 0 017 8a.834.834 0 01-.615-.264L.26 1.514A.861.861 0 010 .889c0-.24.087-.45.26-.625A.834.834 0 01.875 0h12.25c.237 0 .442.088.615.264a.86.86 0 01.26.625z"
                      fill="#32324D"
                      fill-rule="evenodd"
                    />
                  </svg>
                </span>
              </div>
            </button>
          </div>
          <button
            aria-disabled="false"
            class="c10 c11"
            type="button"
          >
            <div
              aria-hidden="true"
              class="c12 c13 c14"
            >
              <svg
                fill="none"
                height="1em"
                viewBox="0 0 24 24"
                width="1em"
                xmlns="http://www.w3.org/2000/svg"
              >
                <path
                  clip-rule="evenodd"
                  d="M0 4a2 2 0 012-2h20a2 2 0 110 4H2a2 2 0 01-2-2zm4 8a2 2 0 012-2h12a2 2 0 110 4H6a2 2 0 01-2-2zm6 6a2 2 0 100 4h4a2 2 0 100-4h-4z"
                  fill="#32324D"
                  fill-rule="evenodd"
                />
              </svg>
            </div>
            <span
              class="c15 c16"
            >
              Filters
            </span>
          </button>
        </div>
        <div
          class="c17 c18 c19"
        >
          <div
            class="c20 c21"
          >
            <span>
              <button
                aria-disabled="false"
                aria-labelledby="tooltip-1"
                class="c22 c23"
                data-testid="switch-to-list-view"
                tabindex="0"
                type="button"
              >
                <span
                  class="c24"
                >
                  List View
                </span>
                <svg
                  aria-hidden="true"
                  fill="none"
                  focusable="false"
                  height="1em"
                  viewBox="0 0 24 24"
                  width="1em"
                  xmlns="http://www.w3.org/2000/svg"
                >
                  <path
                    clip-rule="evenodd"
                    d="M2.68 9.192c-.6.276-2.114 1.18-2.306 1.303a.792.792 0 00-.374.68v1.65a.797.797 0 00.384.687c.254.16 1.73 1.042 2.306 1.303l.744 1.8c-.24.634-.67 2.333-.72 2.554a.797.797 0 00.216.744l1.167 1.166a.801.801 0 00.744.216l.03-.008c.36-.092 1.946-.498 2.523-.712l1.8.744c.276.6 1.181 2.115 1.304 2.307a.805.805 0 00.679.374h1.649a.797.797 0 00.686-.384c.16-.254 1.042-1.73 1.303-2.306l1.8-.744c.634.24 2.333.67 2.554.72a.797.797 0 00.744-.216l1.166-1.167a.803.803 0 00.216-.744l-.008-.03c-.092-.36-.498-1.946-.712-2.523l.744-1.8c.6-.276 2.115-1.181 2.307-1.304a.804.804 0 00.374-.679v-1.649a.796.796 0 00-.382-.679c-.254-.16-1.73-1.041-2.306-1.303l-.744-1.8c.24-.634.67-2.333.72-2.554a.796.796 0 00-.216-.744l-1.166-1.173a.802.802 0 00-.744-.216l-.03.008c-.361.092-1.947.498-2.524.712l-1.8-.744c-.276-.6-1.18-2.115-1.303-2.307a.803.803 0 00-.68-.374h-1.65a.797.797 0 00-.68.382c-.16.254-1.041 1.73-1.303 2.306l-1.8.744c-.634-.24-2.333-.67-2.554-.72a.797.797 0 00-.744.216L2.921 4.094a.802.802 0 00-.216.744l.008.03c.092.361.498 1.947.712 2.524l-.744 1.8zM12 17a5 5 0 100-10 5 5 0 000 10z"
                    fill="#212134"
                    fill-rule="evenodd"
                  />
                </svg>
              </button>
            </span>
          </div>
          <span>
            <button
              aria-disabled="false"
              aria-labelledby="tooltip-3"
              class="c22 c23"
              tabindex="0"
              type="button"
            >
              <span
                class="c24"
              >
                Search
              </span>
              <svg
                aria-hidden="true"
                fill="none"
                focusable="false"
                height="1em"
                viewBox="0 0 24 24"
                width="1em"
                xmlns="http://www.w3.org/2000/svg"
              >
                <path
                  clip-rule="evenodd"
                  d="M23.813 20.163l-5.3-5.367a9.792 9.792 0 001.312-4.867C19.825 4.455 15.375 0 9.913 0 4.45 0 0 4.455 0 9.929c0 5.473 4.45 9.928 9.912 9.928a9.757 9.757 0 005.007-1.4l5.275 5.35a.634.634 0 00.913 0l2.706-2.737a.641.641 0 000-.907zM9.91 3.867c3.338 0 6.05 2.718 6.05 6.061s-2.712 6.061-6.05 6.061c-3.337 0-6.05-2.718-6.05-6.06 0-3.344 2.713-6.062 6.05-6.062z"
                  fill="#32324D"
                  fill-rule="evenodd"
                />
              </svg>
            </button>
          </span>
        </div>
      </div>
    </div>
    <div
      class="c25"
    >
      <nav
        aria-label="Folders navigation"
        class=""
      >
        <ol
          class="c26 c27"
        >
          <li
            class="c28"
          >
            <div
              class="c29"
            >
              <span
                aria-current="false"
                class="c30"
              >
                Media Library
              </span>
            </div>
            <div
              aria-hidden="true"
              class="c31"
            >
              <span
                class="c32"
              >
                /
              </span>
            </div>
          </li>
          <li
            class="c28"
          >
            <button
              class="c33"
              type="button"
            >
              Folder 2
            </button>
            <div
              aria-hidden="true"
              class="c31"
            >
              <span
                class="c32"
              >
                /
              </span>
            </div>
          </li>
          <li
            class="c28"
          >
            <button
              class="c33"
              type="button"
            >
              Folder 1
            </button>
          </li>
        </ol>
      </nav>
    </div>
    <div
      class=""
    >
      <div
        class="c34"
      >
        <h2
          class="c35"
        >
          Folders (1)
        </h2>
      </div>
      <div
        class="c36"
      >
        <div
          class="c37"
        >
          <div
            class=""
          >
            <div
              class="c38 "
              tabindex="0"
            >
              <button
                aria-hidden="true"
                aria-label="Folder 1"
                class="c39"
                tabindex="-1"
                type="button"
              />
              <div
                class="c40 c41 c42"
                cursor="pointer"
                spacing="2"
              >
                <div
                  class="c43"
                >
                  <svg
                    class="c44"
                    fill="none"
                    height="1.5rem"
                    viewBox="0 0 24 24"
                    width="1.5rem"
                    xmlns="http://www.w3.org/2000/svg"
                  >
                    <path
                      d="M12.414 5H21a1 1 0 011 1v14a1 1 0 01-1 1H3a1 1 0 01-1-1V4a1 1 0 011-1h7.414l2 2z"
                      fill="#212134"
                    />
                  </svg>
                </div>
                <div
                  class="c45 c46 c47"
                  id="folder-1-1-title"
                  overflow="hidden"
                >
                  <button
                    class="c48 c49"
                    type="button"
                  >
                    <h2
                      class="c50 c51"
                    >
                      <span
                        class="c52 c53"
                      >
                        Folder 1
                        <div
                          class="c54"
                        >
                          :
                        </div>
                      </span>
                      <span
                        class="c55 c53"
                      >
                        1 folder, 1 asset
                      </span>
                    </h2>
                  </button>
                </div>
                <div
                  class="c56"
                >
                  <div
                    class="c57 c58 c59 c60"
                    spacing="2"
                  />
                </div>
              </div>
            </div>
          </div>
        </div>
      </div>
    </div>
    <div
      class="c61 c62"
    >
      <div
        class="c17"
      >
        <div>
          <div
            class="c63 c64"
          >
            <div
              class="c65 c66"
            >
              <button
                aria-disabled="false"
                aria-expanded="false"
                aria-haspopup="listbox"
                aria-label="Entries per page"
                aria-labelledby="select-1-label select-1-content"
                class="c67"
                id="select-1"
                type="button"
              />
              <div
                class="c68 c69"
              >
                <div
                  class="c65"
                >
                  <div
                    class="c70"
                  >
                    <span
                      class="c71"
                      id="select-1-content"
                    >
                      10
                    </span>
                  </div>
                </div>
                <div
                  class="c65"
                >
                  <button
                    aria-hidden="true"
                    class="c72 c73 c74"
                    tabindex="-1"
                    type="button"
                  >
                    <svg
                      fill="none"
                      height="1em"
                      viewBox="0 0 14 8"
                      width="1em"
                      xmlns="http://www.w3.org/2000/svg"
                    >
                      <path
                        clip-rule="evenodd"
                        d="M14 .889a.86.86 0 01-.26.625L7.615 7.736A.834.834 0 017 8a.834.834 0 01-.615-.264L.26 1.514A.861.861 0 010 .889c0-.24.087-.45.26-.625A.834.834 0 01.875 0h12.25c.237 0 .442.088.615.264a.86.86 0 01.26.625z"
                        fill="#32324D"
                        fill-rule="evenodd"
                      />
                    </svg>
                  </button>
                </div>
              </div>
            </div>
          </div>
        </div>
        <div
          class="c75"
        >
          <label
            class="c76"
            for="page-size"
          >
            Entries per page
          </label>
        </div>
      </div>
      <nav
        aria-label="pagination"
        class="sc-ekMTzm"
      >
        <ul
          class="c17 c77"
        >
          <li>
            <button
              aria-disabled="true"
              class="c78 c79"
              tabindex="-1"
              type="button"
            >
              <div
                class="c54"
              >
                Go to previous page
              </div>
              <svg
                aria-hidden="true"
                fill="none"
                height="1em"
                viewBox="0 0 10 16"
                width="1em"
                xmlns="http://www.w3.org/2000/svg"
              >
                <path
                  d="M9.88 14.12L3.773 8 9.88 1.88 8 0 0 8l8 8 1.88-1.88z"
                  fill="#32324D"
                />
              </svg>
            </button>
          </li>
          <li>
            <button
              class="c80 c81"
              type="button"
            >
              <div
                class="c54"
              >
                Go to page 1
              </div>
              <span
                aria-hidden="true"
                class="c82 c83"
              >
                1
              </span>
            </button>
          </li>
          <li>
            <button
              aria-disabled="true"
              class="c78 c79"
              tabindex="-1"
              type="button"
            >
              <div
                class="c54"
              >
                Go to next page
              </div>
              <svg
                aria-hidden="true"
                fill="none"
                height="1em"
                viewBox="0 0 10 16"
                width="1em"
                xmlns="http://www.w3.org/2000/svg"
              >
                <path
                  d="M0 1.88L6.107 8 0 14.12 1.88 16l8-8-8-8L0 1.88z"
                  fill="#32324D"
                />
              </svg>
            </button>
          </li>
        </ul>
      </nav>
    </div>
  </div>
  <div
    class="c84"
  >
    <p
      aria-live="polite"
      aria-relevant="all"
      id="live-region-log"
      role="log"
    />
    <p
      aria-live="polite"
      aria-relevant="all"
      id="live-region-status"
      role="status"
    />
    <p
      aria-live="assertive"
      aria-relevant="all"
      id="live-region-alert"
      role="alert"
    />
  </div>
</div>
`;
